---
source: influxdb_influxql_parser/src/visit_mut.rs
expression: "visit_statement!(\"EXPLAIN SHOW RETENTION POLICIES\")"
---
- pre_visit_statement
- pre_visit_explain_statement
- pre_visit_statement
- pre_visit_show_retention_policies_statement
- post_visit_show_retention_policies_statement
- post_visit_statement
- post_visit_explain_statement
- post_visit_statement

