---
source: influxdb_influxql_parser/src/visit.rs
expression: "visit_statement!(\"EXPLAIN SHOW MEASUREMENTS\")"
---
- pre_visit_statement
- pre_visit_explain_statement
- pre_visit_statement
- pre_visit_show_measurements_statement
- post_visit_show_measurements_statement
- post_visit_statement
- post_visit_explain_statement
- post_visit_statement

