---
source: influxdb_influxql_parser/src/visit_mut.rs
expression: "visit_statement!(\"EXPLAIN SHOW DATABASES\")"
---
- pre_visit_statement
- pre_visit_explain_statement
- pre_visit_statement
- pre_visit_show_databases_statement
- post_visit_show_databases_statement
- post_visit_statement
- post_visit_explain_statement
- post_visit_statement

